// Jest Snapshot v1, https://goo.gl/fbAQLP

exports[`matches snapshot 1`] = `
<DocumentFragment>
  <div
    class="Box"
  >
    <div
      class="Box-body"
      style="background-color: blue; width: 200px; height: 200px;"
    />
    <button
      class="Box-remove-btn"
    >
      X
    </button>
  </div>
</DocumentFragment>
`;
