// Jest Snapshot v1, https://goo.gl/fbAQLP

exports[`matches snapshot 1`] = `
<DocumentFragment>
  <div
    class="BoxList"
  >
    <form
      class="NewBoxForm"
      data-testid="form"
    >
      <label
        for="backgroundColor"
      >
        Color:
        <input
          data-testid="bg-color"
          name="backgroundColor"
          value=""
        />
      </label>
      <label
        for="width"
      >
        Width:
        <input
          data-testid="width"
          name="width"
          value=""
        />
      </label>
      <label
        for="height"
      >
        Height:
        <input
          data-testid="height"
          name="height"
          value=""
        />
      </label>
      <button>
        Add Box
      </button>
    </form>
    <div
      class="Box"
      id="1"
    >
      <div
        class="Box-body"
        data-testid="box"
        style="background-color: blue; width: 500px; height: 200px;"
      />
      <button
        class="Box-remove-btn"
      >
        X
      </button>
    </div>
    <div
      class="Box"
      id="2"
    >
      <div
        class="Box-body"
        data-testid="box"
        style="background-color: green; width: 50px; height: 60px;"
      />
      <button
        class="Box-remove-btn"
      >
        X
      </button>
    </div>
    <div
      class="Box"
      id="3"
    >
      <div
        class="Box-body"
        data-testid="box"
        style="background-color: red; width: 50px; height: 60px;"
      />
      <button
        class="Box-remove-btn"
      >
        X
      </button>
    </div>
  </div>
</DocumentFragment>
`;
