// Jest Snapshot v1, https://goo.gl/fbAQLP

exports[`matches snapshot 1`] = `
<DocumentFragment>
  <form
    class="NewBoxForm"
    data-testid="form"
  >
    <label
      for="backgroundColor"
    >
      Color:
      <input
        data-testid="bg-color"
        name="backgroundColor"
        value=""
      />
    </label>
    <label
      for="width"
    >
      Width:
      <input
        data-testid="width"
        name="width"
        value=""
      />
    </label>
    <label
      for="height"
    >
      Height:
      <input
        data-testid="height"
        name="height"
        value=""
      />
    </label>
    <button>
      Add Box
    </button>
  </form>
</DocumentFragment>
`;
